TAP version 13
# Subtest: the researched archive satisfies the schema and is returned for rendering
ok 1 - the researched archive satisfies the schema and is returned for rendering
  ---
  duration_ms: 1.944875
  type: 'test'
  ...
# Subtest: both lifetime endpoints and percentage endpoints are valid
ok 2 - both lifetime endpoints and percentage endpoints are valid
  ---
  duration_ms: 0.348917
  type: 'test'
  ...
# Subtest: rejects a non-record root (null)
ok 3 - rejects a non-record root (null)
  ---
  duration_ms: 0.237917
  type: 'test'
  ...
# Subtest: rejects a non-record root ([])
ok 4 - rejects a non-record root ([])
  ---
  duration_ms: 0.059375
  type: 'test'
  ...
# Subtest: rejects a non-record root ("archive")
ok 5 - rejects a non-record root ("archive")
  ---
  duration_ms: 0.058042
  type: 'test'
  ...
# Subtest: rejects a non-record root (42)
ok 6 - rejects a non-record root (42)
  ---
  duration_ms: 0.046958
  type: 'test'
  ...
# Subtest: rejects a missing milestones collection
ok 7 - rejects a missing milestones collection
  ---
  duration_ms: 0.101375
  type: 'test'
  ...
# Subtest: rejects an object instead of the milestones array
ok 8 - rejects an object instead of the milestones array
  ---
  duration_ms: 0.091
  type: 'test'
  ...
# Subtest: rejects an empty milestones collection
ok 9 - rejects an empty milestones collection
  ---
  duration_ms: 0.089416
  type: 'test'
  ...
# Subtest: rejects duplicate milestones identifiers
ok 10 - rejects duplicate milestones identifiers
  ---
  duration_ms: 0.130167
  type: 'test'
  ...
# Subtest: rejects a missing statistics collection
ok 11 - rejects a missing statistics collection
  ---
  duration_ms: 0.076708
  type: 'test'
  ...
# Subtest: rejects an object instead of the statistics array
ok 12 - rejects an object instead of the statistics array
  ---
  duration_ms: 0.062708
  type: 'test'
  ...
# Subtest: rejects an empty statistics collection
ok 13 - rejects an empty statistics collection
  ---
  duration_ms: 0.05425
  type: 'test'
  ...
# Subtest: rejects duplicate statistics identifiers
ok 14 - rejects duplicate statistics identifiers
  ---
  duration_ms: 0.062084
  type: 'test'
  ...
# Subtest: rejects a missing sources collection
ok 15 - rejects a missing sources collection
  ---
  duration_ms: 0.044792
  type: 'test'
  ...
# Subtest: rejects an object instead of the sources array
ok 16 - rejects an object instead of the sources array
  ---
  duration_ms: 0.046459
  type: 'test'
  ...
# Subtest: rejects an empty sources collection
ok 17 - rejects an empty sources collection
  ---
  duration_ms: 0.070541
  type: 'test'
  ...
# Subtest: rejects duplicate sources identifiers
ok 18 - rejects duplicate sources identifiers
  ---
  duration_ms: 0.063125
  type: 'test'
  ...
# Subtest: rejects invalid milestone year 1996
ok 19 - rejects invalid milestone year 1996
  ---
  duration_ms: 0.098167
  type: 'test'
  ...
# Subtest: rejects invalid milestone year 2026
ok 20 - rejects invalid milestone year 2026
  ---
  duration_ms: 0.091084
  type: 'test'
  ...
# Subtest: rejects invalid milestone year 2001.5
ok 21 - rejects invalid milestone year 2001.5
  ---
  duration_ms: 0.099875
  type: 'test'
  ...
# Subtest: rejects invalid milestone year "2013"
ok 22 - rejects invalid milestone year "2013"
  ---
  duration_ms: 0.097166
  type: 'test'
  ...
# Subtest: rejects invalid milestone year null
ok 23 - rejects invalid milestone year null
  ---
  duration_ms: 0.144666
  type: 'test'
  ...
# Subtest: rejects invalid percentage -0.1
ok 24 - rejects invalid percentage -0.1
  ---
  duration_ms: 0.175
  type: 'test'
  ...
# Subtest: rejects invalid percentage 100.1
ok 25 - rejects invalid percentage 100.1
  ---
  duration_ms: 0.097708
  type: 'test'
  ...
# Subtest: rejects invalid percentage 78.2
ok 26 - rejects invalid percentage 78.2
  ---
  duration_ms: 0.108
  type: 'test'
  ...
# Subtest: rejects invalid percentage null
ok 27 - rejects invalid percentage null
  ---
  duration_ms: 0.085625
  type: 'test'
  ...
# Subtest: rejects invalid percentage NaN
ok 28 - rejects invalid percentage NaN
  ---
  duration_ms: 0.085625
  type: 'test'
  ...
# Subtest: rejects invalid percentage Infinity
ok 29 - rejects invalid percentage Infinity
  ---
  duration_ms: 0.085667
  type: 'test'
  ...
# Subtest: rejects a dangling milestones source reference
ok 30 - rejects a dangling milestones source reference
  ---
  duration_ms: 0.106875
  type: 'test'
  ...
# Subtest: rejects a dangling statistics source reference
ok 31 - rejects a dangling statistics source reference
  ---
  duration_ms: 0.079375
  type: 'test'
  ...
# Subtest: rejects unsafe or malformed source URL javascript:alert(1)
ok 32 - rejects unsafe or malformed source URL javascript:alert(1)
  ---
  duration_ms: 0.07275
  type: 'test'
  ...
# Subtest: rejects unsafe or malformed source URL data:text/html,<h1>unsafe</h1>
ok 33 - rejects unsafe or malformed source URL data:text/html,<h1>unsafe</h1>
  ---
  duration_ms: 0.065792
  type: 'test'
  ...
# Subtest: rejects unsafe or malformed source URL ftp://example.org/file
ok 34 - rejects unsafe or malformed source URL ftp://example.org/file
  ---
  duration_ms: 0.308125
  type: 'test'
  ...
# Subtest: rejects unsafe or malformed source URL //example.org/file
ok 35 - rejects unsafe or malformed source URL //example.org/file
  ---
  duration_ms: 0.084
  type: 'test'
  ...
# Subtest: rejects unsafe or malformed source URL not a URL
ok 36 - rejects unsafe or malformed source URL not a URL
  ---
  duration_ms: 0.062666
  type: 'test'
  ...
# Subtest: rejects missing milestones.title
ok 37 - rejects missing milestones.title
  ---
  duration_ms: 0.098583
  type: 'test'
  ...
# Subtest: rejects wrong type for milestones.title
ok 38 - rejects wrong type for milestones.title
  ---
  duration_ms: 0.077583
  type: 'test'
  ...
# Subtest: rejects missing milestones.body
ok 39 - rejects missing milestones.body
  ---
  duration_ms: 0.067583
  type: 'test'
  ...
# Subtest: rejects wrong type for milestones.body
ok 40 - rejects wrong type for milestones.body
  ---
  duration_ms: 0.070417
  type: 'test'
  ...
# Subtest: rejects missing milestones.category
ok 41 - rejects missing milestones.category
  ---
  duration_ms: 0.064583
  type: 'test'
  ...
# Subtest: rejects wrong type for milestones.category
ok 42 - rejects wrong type for milestones.category
  ---
  duration_ms: 0.073709
  type: 'test'
  ...
# Subtest: rejects missing statistics.label
ok 43 - rejects missing statistics.label
  ---
  duration_ms: 0.079833
  type: 'test'
  ...
# Subtest: rejects wrong type for statistics.label
ok 44 - rejects wrong type for statistics.label
  ---
  duration_ms: 0.083208
  type: 'test'
  ...
# Subtest: rejects missing sources.publisher
ok 45 - rejects missing sources.publisher
  ---
  duration_ms: 0.055458
  type: 'test'
  ...
# Subtest: rejects wrong type for sources.publisher
ok 46 - rejects wrong type for sources.publisher
  ---
  duration_ms: 0.054125
  type: 'test'
  ...
# Subtest: rejects missing sources.title
ok 47 - rejects missing sources.title
  ---
  duration_ms: 0.045041
  type: 'test'
  ...
# Subtest: rejects wrong type for sources.title
ok 48 - rejects wrong type for sources.title
  ---
  duration_ms: 0.064834
  type: 'test'
  ...
# Subtest: rejects missing sources.supports
ok 49 - rejects missing sources.supports
  ---
  duration_ms: 0.048458
  type: 'test'
  ...
# Subtest: rejects wrong type for sources.supports
ok 50 - rejects wrong type for sources.supports
  ---
  duration_ms: 0.053083
  type: 'test'
  ...
# Subtest: rejects missing sources.accessed
ok 51 - rejects missing sources.accessed
  ---
  duration_ms: 0.047083
  type: 'test'
  ...
# Subtest: rejects wrong type for sources.accessed
ok 52 - rejects wrong type for sources.accessed
  ---
  duration_ms: 0.048208
  type: 'test'
  ...
# Subtest: rejects an unsafe identifier before insertion into an HTML attribute
ok 53 - rejects an unsafe identifier before insertion into an HTML attribute
  ---
  duration_ms: 0.063792
  type: 'test'
  ...
# Subtest: rejects a nonexistent calendar date 2025-02-29
ok 54 - rejects a nonexistent calendar date 2025-02-29
  ---
  duration_ms: 0.070209
  type: 'test'
  ...
# Subtest: rejects a nonexistent calendar date 2025-02-31
ok 55 - rejects a nonexistent calendar date 2025-02-31
  ---
  duration_ms: 0.051833
  type: 'test'
  ...
# Subtest: rejects a nonexistent calendar date 2025-04-31
ok 56 - rejects a nonexistent calendar date 2025-04-31
  ---
  duration_ms: 0.064625
  type: 'test'
  ...
# Subtest: accepts a real leap day in an access date
ok 57 - accepts a real leap day in an access date
  ---
  duration_ms: 0.10625
  type: 'test'
  ...
# Subtest: clear filters recovers an empty search and resets the URL, era and focus
ok 58 - clear filters recovers an empty search and resets the URL, era and focus
  ---
  duration_ms: 58.145
  type: 'test'
  ...
1..58
# tests 58
# suites 0
# pass 58
# fail 0
# cancelled 0
# skipped 0
# todo 0
# duration_ms 284.867208
